{
  "name": "myapp-frontend",
  "version": "0.0.0",
  "private": true,
  "type": "module",
  "packageManager": "pnpm@10.33.0",
  "engines": {
    "node": ">=22.22.2"
  },
  "scripts": {
    "dev": "vite dev",
    "build": "pnpm run api:check && vite build",
    "preview": "vite preview",
    "check": "pnpm run api:check && pnpm run check:runes && pnpm run check:contrast && svelte-kit sync && svelte-check --tsconfig ./tsconfig.json",
    "check:runes": "node scripts/check-runes.mjs src",
    "check:contrast": "node scripts/check-contrast.mjs src/app.css",
    "check:watch": "svelte-kit sync && svelte-check --tsconfig ./tsconfig.json --watch",
    "test:unit": "svelte-kit sync && vitest run",
    "api:generate": "openapi-typescript ../api/openapi.yaml -o src/lib/api/schema.d.ts",
    "api:check": "openapi-typescript ../api/openapi.yaml -o src/lib/api/schema.d.ts --check"
  },
  "devDependencies": {
    "@sveltejs/adapter-static": "3.0.10",
    "@sveltejs/kit": "2.70.3",
    "@sveltejs/vite-plugin-svelte": "7.3.0",
    "@tailwindcss/vite": "4.3.3",
    "openapi-typescript": "7.13.0",
    "svelte": "5.56.10",
    "svelte-check": "4.7.6",
    "tailwindcss": "4.3.3",
    "typescript": "5.9.3",
    "vite": "8.2.2",
    "vitest": "4.1.11"
  }
}
