# Generated once by nise; owned by this application. Nise will not overwrite it.
#
# Build from the repository root:
#   docker build -f deploy/Dockerfile -t myapp .
#
# Three stages: the frontend is built with Node, its output is embedded by
# the Go build, and the runtime image carries only the static binary and a
# non-root user.

FROM node:22-bookworm-slim AS frontend
WORKDIR /src
RUN corepack enable && corepack prepare pnpm@10.33.0 --activate
COPY frontend/package.json frontend/pnpm-lock.yaml* ./frontend/
RUN pnpm --dir frontend install --frozen-lockfile
COPY api/openapi.yaml ./api/openapi.yaml
COPY frontend ./frontend
RUN pnpm --dir frontend build

FROM golang:1.26 AS build
WORKDIR /src
ENV CGO_ENABLED=0 GOTOOLCHAIN=local
COPY go.mod go.sum ./
RUN go mod download
COPY . .
COPY --from=frontend /src/internal/platform/webui/embedded/client ./internal/platform/webui/embedded/client
RUN go build -trimpath -ldflags="-s -w" -o /out/myapp ./cmd/myapp

FROM gcr.io/distroless/static-debian12:nonroot
WORKDIR /
COPY --from=build /out/myapp /myapp
USER nonroot:nonroot
EXPOSE 8080
ENV APP_ENV=production BIND_ADDR=0.0.0.0 ALLOW_PUBLIC_BIND=true PORT=8080
ENTRYPOINT ["/myapp"]
